// Jest Snapshot v1, https://goo.gl/fbAQLP

exports[`<Main /> should render the heading 1`] = `
<section
  class="w-full h-screen py-8 lg:py-16 bg-indigo-900"
>
  <div
    class="mx-auto max-w-prose flex-col justify-center items-center text-center"
  >
    <h1
      class="text-white text-2xl lg:text-5xl"
    >
      Template
    </h1>
    <p
      class="my-8 text-white text-lg"
    >
      TypeScript, ReactJS, NextJS e TailwindCSS
    </p>
    <img
      alt="Um desenvolvedor de frente para uma tela com cÃ³digo"
      class="mx-4"
      src="/img/hero-illustration.svg"
    />
  </div>
</section>
`
